Y|Y|${HOME}|.zshrc .p10k.zsh|zsh oh-my-zsh-git zsh-theme-powerlevel10k pokemon-colorscripts-git
Y|Y|${HOME}/.config/Code/User|settings.json|visual-studio-code-bin
Y|Y|${HOME}/.config/Code - OSS/User|settings.json|code
Y|Y|${HOME}/.config|fish|fish
Y|Y|${HOME}/.config|dunst|dunst
Y|Y|${HOME}/.config|swaync|swaync
Y|Y|${HOME}/.config/hyde|hyde.conf keycode.kb|hyprland
Y|Y|${HOME}/.config/hyde/wallbash/Wall-Dcol|hypr.dcol|hyprland
Y|Y|${HOME}/.config/hyde/wallbash/Wall-Dcol|rofi.dcol|rofi
Y|Y|${HOME}/.config/hyde/wallbash/Wall-Dcol|waybar.dcol|waybar
Y|Y|${HOME}/.config/hyde/wallbash/Wall-Dcol|kitty.dcol|kitty
Y|Y|${HOME}/.config/hyde/wallbash/Wall-Dcol|kvantum|kvantum
Y|Y|${HOME}/.config/hyde/wallbash/Wall-Dcol/gtk|gtk3.dcol|gtk3
Y|Y|${HOME}/.config/hyde/wallbash/Wall-Dcol/gtk|gtk4.dcol|gtk4
Y|Y|${HOME}/.config/hyde/wallbash/Wall-Ways|hypr.dcol|hyprland
Y|Y|${HOME}/.config/hyde/wallbash/Wall-Ways|palette qtct.dcol|qt5ct
Y|Y|${HOME}/.config/hyde/wallbash/Wall-Ways|palette qtct.dcol|qt6ct
Y|Y|${HOME}/.config/hyde/wallbash/Wall-Ways|cava.dcol|cava
Y|Y|${HOME}/.config/hyde/wallbash/Wall-Ways|spotify.dcol|spotify spicetify-cli
Y|Y|${HOME}/.config/hyde/wallbash/Wall-Ways|code.dcol|visual-studio-code-bin
Y|Y|${HOME}/.config/hyde/wallbash/Wall-Ways|code.dcol|code
Y|Y|${HOME}/.config/hyde/wallbash/Wall-Ways/notification|hyprdots.dcol muted-mic.dcol muted-speaker.dcol unmuted-mic.dcol unmuted-speaker.dcol vol-0.dcol vol-5.dcol vol-10.dcol vol-15.dcol vol-20.dcol vol-25.dcol vol-30.dcol vol-35.dcol vol-40.dcol vol-45.dcol vol-50.dcol vol-55.dcol vol-60.dcol vol-65.dcol vol-70.dcol vol-75.dcol vol-80.dcol vol-85.dcol vol-90.dcol vol-95.dcol vol-100.dcol|hyprland playerctl libnotify
Y|Y|${HOME}/.config/hyde/wallbash/Wall-Ways/notification|dunst.dcol|dunst
Y|Y|${HOME}/.config/hyde/wallbash/Wall-Ways/notification|swaync.dcol|swaync
Y|Y|${HOME}/.config/hypr|hyprland.conf themes plugins|hyprland
Y|Y|${HOME}/.config/hypr/config|animations.conf inputs.conf devices.conf environments.conf gestures.conf launchs.conf layouts.conf layerrules.conf misc.conf windowrules.conf workspacerules.conf|hyprland
Y|Y|${HOME}/.config/hypr/config|keybindings.conf monitors.conf submaps.conf workspaces.conf|hyprland
Y|Y|${HOME}/.config/hypr/config|windowrules_flatpaks.conf|flatpak
Y|Y|${HOME}/.config/hypr/config|windowrules_scratchads.conf|pyprland
Y|Y|${HOME}/.config/hypr|custom|hyprland
Y|Y|${HOME}/.config/hypr|hyprshade.toml|hyprshade
Y|Y|${HOME}/.config/hypr|pyprland.toml|pyprland
Y|Y|${HOME}/.config/hypr|hypridle.conf|hypridle
Y|Y|${HOME}/.local/share/bin|wallbashdunst.sh notifications.py|hyprland dunst
Y|Y|${HOME}/.local/share/bin|wallbashswaync.sh|hyprland swaync
Y|Y|${HOME}/.local/share/bin|wallbashspotify.sh|hyprland spotify spicetify-cli
Y|Y|${HOME}/.local/share/bin|gpuinfo.sh amdgpu.py|hyprland python-pyamdgpuinfo
Y|Y|${HOME}/.local/share/bin|cliphist.sh|hyprland rofi cliphist
Y|Y|${HOME}/.local/share/bin|dontkillsteam.sh|hyprland steam
Y|Y|${HOME}/.local/share/bin|gamelauncher.sh|hyprland rofi steam
Y|Y|${HOME}/.local/share/bin|gamelauncher.sh|hyprland rofi lutris
Y|Y|${HOME}/.local/share/bin|batterynotify.sh cpuinfo.sh gamemode.sh globalcontrol.sh keybinds_hint.sh keyboardswitch.sh sysmonlaunch.sh systemupdate.sh testrunner.sh themeswitch.sh wallbash.sh wallbashdiscord.sh windowpin.sh volumecontrol.sh brightnesscontrol.sh|hyprland
Y|Y|${HOME}/.local/share/bin|hyprlock.sh infonlock.sh location.sh weather.sh playerctlock.sh|hyprland hyprlock playerctl
Y|Y|${HOME}/.local/share/bin|logoutlaunch.sh|hyprland wlogout
Y|Y|${HOME}/.local/share/bin|mediaplayer.py|hyprland playerctl
Y|Y|${HOME}/.local/share/bin|polkitkdeauth.sh|hyprland polkit-gnome
Y|Y|${HOME}/.local/share/bin|quickapps.sh rofilaunch.sh rofiselect.sh themeselect.sh wallbashtoggle.sh|hyprland rofi
Y|Y|${HOME}/.local/share/bin|resetxdgportal.sh|hyprland
Y|Y|${HOME}/.local/share/bin|screenlock.sh|hyprland hypridle
Y|Y|${HOME}/.local/share/bin|screenshot.sh|hyprland grimblast-git
Y|Y|${HOME}/.local/share/bin|swwwallbash.sh swwwallcache.sh swwwallkon.sh swwwallpaper.sh swwwallselect.sh|hyprland swww
Y|Y|${HOME}/.local/share/bin|wallbashcava.sh|hyprland cava
Y|Y|${HOME}/.local/share/bin|wallbashcode.sh|hyprland code
Y|Y|${HOME}/.local/share/bin|wallbashcode.sh|hyprland visual-studio-code-bin
Y|Y|${HOME}/.local/share/bin|wbarconfgen.sh wbarstylegen.sh weather.py|hyprland waybar
Y|Y|${HOME}/.config|kitty|kitty
Y|Y|${HOME}/.config|Kvantum|kvantum
Y|Y|${HOME}/.config|MangoHud|mangohud
Y|Y|${HOME}/.config|fastfetch|fastfetch
Y|Y|${HOME}/.config|qt5ct|qt5ct
Y|Y|${HOME}/.config|qt6ct|qt6ct
Y|Y|${HOME}/.config|rofi|rofi
Y|Y|${HOME}/.config|swaylock|swaylock-effects
Y|Y|${HOME}/.config|hyprlock|hyprlock
Y|Y|${HOME}/.config/waybar|modules config.jsonc style.css theme.css|waybar
Y|Y|${HOME}/.config/waybar|config.ctl|waybar
Y|Y|${HOME}/.config|wlogout|wlogout
Y|Y|${HOME}/.config|xsettingsd nwg-look gtk-3.0|nwg-look
Y|Y|${HOME}/.icons|default|nwg-look
Y|Y|${HOME}|.gtkrc-2.0|nwg-look
Y|Y|${HOME}/.config|dolphinrc kdeglobals baloofilerc|dolphin
Y|Y|${HOME}/.config/menus|applications.menu|dolphin
Y|Y|${HOME}/.local/share|dolphin|dolphin
Y|Y|${HOME}/.local/share/kxmlgui5|dolphin|dolphin
Y|Y|${HOME}/.local/share/kio/servicemenus|hydewallpaper.desktop|dolphin
Y|Y|${HOME}/.config|libinput-gestures.conf|libinput-gestures
Y|Y|${HOME}/.config/hyde/wallbash/Wall-Ways|discord.dcol|hyprland armcord discord vencord vesktop webcord
Y|Y|${HOME}/.local/share/bin|wallbashdiscord.sh|hyprland armcord discord vencord vesktop webcord
