N|Y|${HOME}|.zshrc .p10k.zsh|zsh oh-my-zsh-git zsh-theme-powerlevel10k pokemon-colorscripts-git
N|Y|${HOME}/.config/Code/User|settings.json|visual-studio-code-bin
N|Y|${HOME}/.config/Code - OSS/User|settings.json|code
Y|Y|${HOME}/local/share/bin|wallbashspotify.sh|spotify spicetify-cli
Y|Y|${HOME}/.config|dunst|dunst
Y|Y|${HOME}/.local/share/bin|wallbashdunst.sh volumecontroldunst.sh notifications.py|dunst
Y|Y|${HOME}/.config|swaync|swaync
Y|Y|${HOME}/.local/share/bin|wallbashswaync.sh volumecontrolswaync.sh|swaync
Y|Y|${HOME}/.config|fish|fish
Y|Y|${HOME}/.config/hyde|wallbash|hyprland
Y|Y|${HOME}/.config/hypr|hyprland.conf themes plugins|hyprland
Y|Y|${HOME}/.config/hypr/configs|animations.conf inputs.conf launchs.conf layouts.conf misc.conf windowrules.conf workspacerules.conf|hyprland
N|Y|${HOME}/.config/hypr/configs|keybindings.conf monitors.conf submaps.conf workspaces.conf|hyprland
N|Y|${HOME}/.config/hypr|pyprland.toml|pyprland
N|Y|${HOME}/.config/hypr|hypridle.conf|hypridle
Y|Y|${HOME}/.local/share/bin|batterynotify.sh cpuinfo.sh globalcontrol.sh keybinds_hint.sh keyboardswitch.sh sysmonlaunch.sh systemupdate.sh testrunner.sh themeswitch.sh wallbash.sh wallbashdiscord.sh weather.py windowpin.sh|hyprland
Y|Y|${HOME}/.local/share/bin|amdgpu.py gpuinfo.sh |hyprland python-pyamdgpuinfo
Y|Y|${HOME}/.local/share/bin|brightnesscontroldunst.sh|hyprland brightnessctl dunst
Y|Y|${HOME}/.local/share/bin|brightnesscontrolswaync.sh|hyprland brightnessctl swaync
Y|Y|${HOME}/.local/share/bin|cliphist.sh|hyprland cliphist
Y|Y|${HOME}/.local/share/bin|dontkillsteam.sh|hyprland steam
Y|Y|${HOME}/.local/share/bin|gamelauncher.sh|hyprland rofi-lbonn-wayland-git
Y|Y|${HOME}/.local/share/bin|gamemode.sh|hyprland
Y|Y|${HOME}/.local/share/bin|globalcontrol.sh|hyprland steam
Y|Y|${HOME}/.local/share/bin|hyprlock.sh playerctlock.sh infonlock.sh location.sh weather.sh|hyprlock bc
Y|Y|${HOME}/.local/share/bin|hyprlock.sh playerctl_lock.sh infonlock.sh location.sh weather.sh|hyprlock
Y|Y|${HOME}/.local/share/bin|logoutlaunch.sh|hyprland wlogout
Y|Y|${HOME}/.local/share/bin|mediaplayer.py|hyprland playerctl
Y|Y|${HOME}/.local/share/bin|polkitkdeauth.sh|hyprland polkit-gnome
Y|Y|${HOME}/.local/share/bin|quickapps.sh rofilaunch.sh rofiselect.sh themeselect.sh wallbashtoggle.sh|hyprland rofi-lbonn-wayland-git
Y|Y|${HOME}/.local/share/bin|resetxdgportal.sh|hyprland
Y|Y|${HOME}/.local/share/bin|screenlock.sh|hyprland hypridle
Y|Y|${HOME}/.local/share/bin|screenshot.sh|hyprland grimblast-git
Y|Y|${HOME}/.local/share/bin|swwwallbash.sh swwwallcache.sh swwwallkon.sh swwwallpaper.sh swwwallselect.sh|hyprland swww
Y|Y|${HOME}/.local/share/bin|wallbashcava.sh|hyprland cava
Y|Y|${HOME}/.local/share/bin|wallbashcode.sh|code
Y|Y|${HOME}/.local/share/bin|wallbashcode.sh|visual-studio-code-bin
Y|Y|${HOME}/.local/share/bin|wbarconfgen.sh wbarstylegen.sh|hyprland waybar
Y|Y|${HOME}/.config|kitty|kitty
Y|Y|${HOME}/.config|Kvantum|kvantum
Y|Y|${HOME}/.config|lsd|lsd
Y|Y|${HOME}/.config|MangoHud|mangohud
Y|Y|${HOME}/.config|fastfetch|fastfetch
Y|Y|${HOME}/.config|qt5ct|qt5ct
Y|Y|${HOME}/.config|qt6ct|qt6ct
Y|Y|${HOME}/.config|rofi|rofi
Y|Y|${HOME}/.config|swaylock|swaylock-effects
Y|Y|${HOME}/.config|hyprlock|hyprlock
Y|Y|${HOME}/.config/waybar|modules config.jsonc style.css theme.css|waybar
Y|Y|${HOME}/.config/waybar|config.ctl|waybar
Y|Y|${HOME}/.config|wlogout|wlogout
Y|Y|${HOME}/.config|xsettingsd nwg-look gtk-3.0|nwg-look
Y|Y|${HOME}/.icons|default|nwg-look
Y|Y|${HOME}|.gtkrc-2.0|nwg-look
Y|Y|${HOME}/.config|dolphinrc kdeglobals|dolphin
Y|Y|${HOME}/.config/menus|applications.menu|dolphin
Y|Y|${HOME}/.local/share|dolphin|dolphin
Y|Y|${HOME}/.local/share/kxmlgui5|dolphin|dolphin
Y|Y|${HOME}/.local/share/kio/servicemenus|hydewallpaper.desktop|dolphin
N|Y|${HOME}/.config|libinput-gestures.conf|libinput-gestures
