Y|Y|${HOME}/.local/share/bin|wallbashdiscord.sh|hyprland armcord
Y|Y|${HOME}/.local/share/bin|wallbashdiscord.sh|hyprland discord
Y|Y|${HOME}/.local/share/bin|wallbashdiscord.sh|hyprland webcord
Y|Y|${HOME}/.local/share/bin|wallbashdiscord.sh|hyprland vesktop
Y|Y|${HOME}/.local/share/bin|wallbashdiscord.sh|hyprland vencord
Y|Y|${HOME}/.local/share/bin|wallbashdiscord.sh|hyprland
Y|Y|${HOME}/.local/share/bin|wallbashdiscord.sh|hyprland
Y|Y|${HOME}/.local/share/bin|wallbashdiscord.sh|hyprland
Y|Y|${HOME}/.local/share/bin|wallbashdiscord.sh|hyprland
Y|Y|${HOME}/.config/hypr/hyde/wallbash/Wall-Ways|discord.dcol|hyprland armcord
Y|Y|${HOME}/.config/hypr/hyde/wallbash/Wall-Ways|discord.dcol|hyprland discord
Y|Y|${HOME}/.config/hypr/hyde/wallbash/Wall-Ways|discord.dcol|hyprland webcord
Y|Y|${HOME}/.config/hypr/hyde/wallbash/Wall-Ways|discord.dcol|hyprland vesktop
Y|Y|${HOME}/.config/hypr/hyde/wallbash/Wall-Ways|discord.dcol|hyprland vencord
Y|Y|${HOME}/.config/hypr/hyde/wallbash/Wall-Ways|discord.dcol|hyprland
Y|Y|${HOME}/.config/hypr/hyde/wallbash/Wall-Ways|discord.dcol|hyprland
Y|Y|${HOME}/.config/hypr/hyde/wallbash/Wall-Ways|discord.dcol|hyprland
